VecCreateFromMatrixMarket: Reading file input/e05r0000_rhs1.mtx 
  %%MatrixMarket matrix array real general
  m=236 : n=1 
norm({x}) = 2.95948e+00 

Dump as MM 
VecCreateFromMatrixMarket: Reading file petsc_rhs1.mtx 
  %%MatrixMarket matrix array real general
  m=236 : n=1 
norm({y}) = 2.95948e+00 

MatSeqAIJCreateBinaryFromMatrixMarket: Reading file input/e05r0000.mtx 
  %%MatrixMarket matrix coordinate real general
  m=236 : n=236 : nnz=5856
Matrix Object:
  type=seqaij, rows=236, cols=236
  total: nonzeros=5856, allocated nonzeros=5856
    using I-node routines: found 106 nodes, limit used is 5
norm(A {1}) = 2.19875e+01 
norm(A) = 1.90222e+01 

Dump as MM 
MatSeqAIJCreateBinaryFromMatrixMarket: Reading file petsc.mtx 
  %%MatrixMarket matrix coordinate real general
  m=236 : n=236 : nnz=5856
Matrix Object:
  type=seqaij, rows=236, cols=236
  total: nonzeros=5856, allocated nonzeros=5856
    using I-node routines: found 106 nodes, limit used is 5
norm(An {1}) = 2.19875e+01 
norm(An) = 1.90222e+01 

