test_pc_block_apply 
PC Object:(sw_)
  type: block
    Block size:   2 x 2 
    BlockPC type: upper 
    PCSetUp_PCBlockApplyTranspose not yet called. 
    PCBlock structure: 
    [TYPE] (i,j) - (Name / ptr), type=, rows=, cols=
      [KSP/PC]  (0,0) - (sw_pc_block_Q11_), type=preonly/lu 
      [Mat] (0,1) - (0x10183b610), type=seqaij, rows=3, cols=2 
      [Mat] (1,0) - (PETSC_NULL) 
      [KSP/PC]  (1,1) - (sw_pc_block_Q22_), type=preonly/ilu 
    PCBlock contents: 
    (i,j) - [sub TYPE]: (Name / ptr),  [parent pc]: (Name / ptr) 
        -------------------- Begin ( 0x101840210 ) --------------------
        (0,0) - [sub pc]: (sw_pc_block_Q11_), [parent pc]: sw_ 
        KSP Object:(sw_pc_block_Q11_)
          type: preonly
          maximum iterations=10000, initial guess is zero
          tolerances:  relative=1e-05, absolute=1e-50, divergence=10000
          left preconditioning
          using PRECONDITIONED norm type for convergence test
        PC Object:(sw_pc_block_Q11_)
          type: lu
            LU: out-of-place factorization
            tolerance for zero pivot 1e-12
            matrix ordering: nd
            factor fill ratio given 5, needed 1
              Factored matrix follows:
                Matrix Object:
                  type=seqaij, rows=3, cols=3
                  package used to perform factorization: petsc
                  total: nonzeros=3, allocated nonzeros=3
                    not using I-node routines
          linear system matrix = precond matrix:
          Matrix Object:
            type=seqaij, rows=3, cols=3
            total: nonzeros=3, allocated nonzeros=9
              not using I-node routines
        --------------------   End ( 0x101840210 ) --------------------

        -------------------- Begin ( 0x10183b610 ) --------------------
        (0,1) - [sub mat]: (0x10183b610), [parent pc]: sw_ 
        Matrix Object:
          type=seqaij, rows=3, cols=2
          total: nonzeros=6, allocated nonzeros=6
            using I-node routines: found 1 nodes, limit used is 5
        --------------------   End ( 0x10183b610 ) --------------------

        (1,0) - [sub mat]: (PETSC_NULL), [parent pc]: sw_ 
        
        -------------------- Begin ( 0x101840810 ) --------------------
        (1,1) - [sub pc]: (sw_pc_block_Q22_), [parent pc]: sw_ 
        KSP Object:(sw_pc_block_Q22_)
          type: preonly
          maximum iterations=10000, initial guess is zero
          tolerances:  relative=1e-05, absolute=1e-50, divergence=10000
          left preconditioning
          using PRECONDITIONED norm type for convergence test
        PC Object:(sw_pc_block_Q22_)
          type: ilu
            ILU: out-of-place factorization
            0 levels of fill
            tolerance for zero pivot 1e-12
            using diagonal shift to prevent zero pivot
            matrix ordering: natural
            factor fill ratio given 1, needed 1
              Factored matrix follows:
                Matrix Object:
                  type=seqaij, rows=2, cols=2
                  package used to perform factorization: petsc
                  total: nonzeros=2, allocated nonzeros=4
                    not using I-node routines
          linear system matrix = precond matrix:
          Matrix Object:
            type=seqaij, rows=2, cols=2
            total: nonzeros=2, allocated nonzeros=4
              not using I-node routines
        --------------------   End ( 0x101840810 ) --------------------

  linear system matrix = precond matrix:
  Matrix Object:
    type=block, rows=2, cols=2
        MatBlock structure: 
        (i,j) - (Name / ptr), type=, rows=, cols=
          (0,0) - (0x10183ce10), type=block, rows=2, cols=2 
            (0,0) - (0x10183aa10), type=seqaij, rows=3, cols=3 
            (0,1) - (0x10183b610), type=seqaij, rows=3, cols=2 
            (1,0) - (PETSC_NULL) 
            (1,1) - (0x10183c210), type=seqaij, rows=2, cols=2 
        Block structure: DEFAULT_BLOCK 
        MatBlock contents: 
        (i,j) - [sub mat]: (Name / ptr) , [parent mat]: (Name / ptr) 
            -------------------- Begin ( 0x10183aa10 ) --------------------
            (0,0) - [sub mat]: (0x10183aa10), [parent mat]: 0x10183ce10 
            Matrix Object:
              type=seqaij, rows=3, cols=3
              total: nonzeros=3, allocated nonzeros=9
                not using I-node routines
            --------------------   End ( 0x10183aa10 ) --------------------

            -------------------- Begin ( 0x10183b610 ) --------------------
            (0,1) - [sub mat]: (0x10183b610), [parent mat]: 0x10183ce10 
            Matrix Object:
              type=seqaij, rows=3, cols=2
              total: nonzeros=6, allocated nonzeros=6
                using I-node routines: found 1 nodes, limit used is 5
            --------------------   End ( 0x10183b610 ) --------------------

            (1,0) - [sub mat]: (PETSC_NULL), [parent mat]: 0x10183ce10 

            -------------------- Begin ( 0x10183c210 ) --------------------
            (1,1) - [sub mat]: (0x10183c210), [parent mat]: 0x10183ce10 
            Matrix Object:
              type=seqaij, rows=2, cols=2
              total: nonzeros=2, allocated nonzeros=4
                not using I-node routines
            --------------------   End ( 0x10183c210 ) --------------------

-1340
-21000
-286000
32
45
